Microchip MPLAB XC8 Compiler V2.41

Linker command line:

-W-3 \
  --edf=C:\Program Files\Microchip\xc8\v2.41\pic\dat\20230208172133_en.msgs \
  -cn -h+dist/default/production\Fase_2.X.production.sym \
  --cmf=dist/default/production\Fase_2.X.production.cmf -z -Q18F4321 \
  -oC:\Users\Noctis\AppData\Local\Temp\xcAs5f0.\driver_tmp_3.o \
  --defsym=__MPLAB_BUILD=1 --fixupoverflow=error \
  -Mdist/default/production/Fase_2.X.production.map \
  --md=C:\Users\Noctis\AppData\Local\Temp\xcAs5f0.\driver_tmp_0.dat -E1 \
  -ver=XC8 Compiler --acfsm=1493 -ACODE=00h-01FFFh -ACONST=00h-01FFFh \
  -ASMALLCONST=0200h-02FFhx30 -AMEDIUMCONST=0200h-01FFFh -ACOMRAM=01h-07Fh \
  -AABS1=00h-01FFh -ABIGRAM=01h-01FFh -ARAM=080h-0FFh,0100h-01FFh \
  -ABANK0=080h-0FFh -ABANK1=0100h-01FFh -ASFR=0F80h-0FFFh \
  -ABIGSFR=0F80h-0FFFh -ACONFIG=0300000h-030000Dh -AIDLOC=0200000h-0200007h \
  -AEEDATA=0F00000h-0F000FFh -peeprom_data=EEDATA \
  -preset_vec=00h,intcode=08h,intcodelo,powerup,init -pramtop=0200h \
  -psmallconst=SMALLCONST -pmediumconst=MEDIUMCONST -pconst=CONST \
  -AFARRAM=00h-00h \
  -prdata=COMRAM,nvrram=COMRAM,nvbit=COMRAM,rbss=COMRAM,rbit=COMRAM \
  -pfarbss=FARRAM,fardata=FARRAM,nvFARRAM=FARRAM \
  -pintsave_regs=BIGRAM,bigbss=BIGRAM,bigdata=BIGRAM -pbss=RAM \
  -pidata=CODE,irdata=CODE,ibigdata=CODE,ifardata=CODE -prparam=COMRAM \
  C:\Users\Noctis\AppData\Local\Temp\xcAs5f0.\driver_tmp_9.o \
  dist/default/production\Fase_2.X.production.o 

Object code version is 3.11

Machine type is 18F4321



                Name                               Link     Load   Length Selector   Space Scale
C:\Users\Noctis\AppData\Local\Temp\xcAs5f0.\driver_tmp_9.o
                idloc                            200000   200000        8        0       5
                config                           300000   300000        E        0       4
                init                                 40       40        4        4       0
                reset_vec                             0        0        4        0       0
dist/default/production\Fase_2.X.production.o
                intcode                               8        8       38        4       0
                idloc                            200000   200000        8        0       5
                config                           300000   300000        E        0       4
                temp                                 5D       5D        1        1       1
                smallconst                          200      200        4      100       0
                text4                               324      324       26      192       0
                text3                               204      204       B6      102       0
                text1                               356      356        2      192       0
                text0                               34A      34A        C      192       0
                cstackCOMRAM                         51       51        B        1       1
                dataBANK0                            80       80       2D       80       1
                bssCOMRAM                             1        1       50        1       1
                bitbssCOMRAM                        2E0       5C        1        1       1     8
                cinit                               2BA      2BA       3C      102       0
                idataBANK0                          2F6      2F6       2D      102       0

TOTAL           Name                               Link     Load   Length     Space
        CLASS   CODE           
                intcode                               8        8       38         0
                init                                 40       40        4         0
                reset_vec                             0        0        4         0
                text4                               324      324       26         0
                text3                               204      204       B6         0
                text1                               356      356        2         0
                text0                               34A      34A        C         0
                cinit                               2BA      2BA       3C         0
                idataBANK0                          2F6      2F6       2D         0

        CLASS   CONST          

        CLASS   SMALLCONST     
                smallconst                          200      200        4         0

        CLASS   MEDIUMCONST    

        CLASS   COMRAM         
                temp                                 5D       5D        1         1
                cstackCOMRAM                         51       51        B         1
                bssCOMRAM                             1        1       50         1
                bitbssCOMRAM                        2E0       5C        1         1

        CLASS   ABS1           

        CLASS   BIGRAM         

        CLASS   RAM            

        CLASS   BANK0          
                dataBANK0                            80       80       2D         1

        CLASS   BANK1          

        CLASS   SFR            

        CLASS   BIGSFR         

        CLASS   CONFIG         
                config                           300000   300000        E         4

        CLASS   IDLOC          
                idloc                            200000   200000        8         5

        CLASS   EEDATA         

        CLASS   FARRAM         

        CLASS   HEAP           

        CLASS   STACK          



SEGMENTS        Name                           Load    Length   Top    Selector   Space  Class

                reset_vec                      000000  000004  000004         0       0  CODE    
                bssCOMRAM                      000001  00005D  00005E         1       1  COMRAM  
                intcode                        000008  00003C  000044         4       0  CODE    
                dataBANK0                      000080  00002D  0000AD        80       1  BANK0   
                smallconst                     000200  000004  000204       100       0  SMALLCON
                text3                          000204  00011F  000323       102       0  CODE    
                text4                          000324  000034  000358       192       0  CODE    


UNUSED ADDRESS RANGES

        Name                Unused          Largest block    Delta
        BANK0            0000AD-0000FF               53
        BANK1            000100-0001FF              100
        BIGRAM           00005E-00007F               22
                         0000AD-0001FF              153
        BIGSFR           000F80-000FFF               80
        CODE             000004-000007                4
                         000044-0001FF              1BC
                         000323-000323                1
                         000358-001FFF             1CA8
        COMRAM           00005E-00007F               22
        CONST            000004-000007                4
                         000044-0001FF              1BC
                         000323-000323                1
                         000358-001FFF             1CA8
        EEDATA           F00000-F000FF              100
        MEDIUMCONST      000323-000323                1
                         000358-001FFF             1CA8
        RAM              0000AD-0001FF               53
        SFR              000F80-000FFF               80
        SMALLCONST       000323-000323                1
                         000358-001FFF              100

                                  Symbol Table

?___wmul                 cstackCOMRAM 000051
_ADCON0bits              (abs)        000FC2
_ADCON1                  (abs)        000FC1
_ADCON2                  (abs)        000FC0
_ADRESH                  (abs)        000FC4
_INTCON                  (abs)        000FF2
_INTCON2bits             (abs)        000FF1
_INTCON3                 (abs)        000FF0
_INTCONbits              (abs)        000FF2
_JoyPosition             bssCOMRAM    00004E
_LATA                    (abs)        000F89
_LATAbits                (abs)        000F89
_LATCbits                (abs)        000F8B
_PORTB                   (abs)        000F81
_RCONbits                (abs)        000FD0
_RSI_High                intcode      000008
_RSI_Timer0              text3        000204
_T0CONbits               (abs)        000FD5
_TMR0H                   (abs)        000FD7
_TMR0L                   (abs)        000FD6
_TRISA                   (abs)        000F92
_TRISB                   (abs)        000F93
_TRISC                   (abs)        000F94
__HRAM                   (abs)        000000
__H__absolute__          __absolute__ 000000
__Habs1                  abs1         000000
__Hbank0                 bank0        000000
__Hbank1                 bank1        000000
__Hbigbss                bigbss       000000
__Hbigdata               bigdata      000000
__Hbigram                bigram       000000
__Hbigsfr                bigsfr       000000
__HbitbssCOMRAM          bitbssCOMRAM 000000
__Hbss                   bss          000000
__HbssCOMRAM             bssCOMRAM    000000
__Hcinit                 cinit        000000
__Hclrtext               clrtext      000000
__Hcomram                comram       000000
__Hconfig                config       30000E
__Hconst                 const        000000
__HcstackCOMRAM          cstackCOMRAM 000000
__Hdata                  data         000000
__HdataBANK0             dataBANK0    000000
__Heeprom_data           eeprom_data  000000
__Hfarbss                farbss       000000
__Hfardata               fardata      000000
__Hheap                  heap         000000
__Hibigdata              ibigdata     000000
__Hidata                 idata        000000
__HidataBANK0            idataBANK0   000000
__Hidloc                 idloc        200008
__Hifardata              ifardata     000000
__Hinit                  init         000044
__Hintcode               intcode      000040
__Hintcode_body          intcode_body 000000
__Hintcodelo             intcodelo    000040
__Hintentry              intentry     000000
__Hintret                intret       000000
__Hintsave_regs          intsave_regs 000000
__Hirdata                irdata       000000
__Hmediumconst           mediumconst  000000
__HnvFARRAM              nvFARRAM     000000
__Hnvbit                 nvbit        000000
__Hnvrram                nvrram       000000
__Hparam                 rparam       000000
__Hpowerup               powerup      000040
__Hram                   ram          000000
__Hramtop                ramtop       000200
__Hrbit                  rbit         000000
__Hrbss                  rbss         000000
__Hrdata                 rdata        000000
__Hreset_vec             reset_vec    000004
__Hrparam                rparam       000000
__Hsfr                   sfr          000000
__Hsmallconst            smallconst   000204
__Hspace_0               (abs)        000358
__Hspace_1               (abs)        0002E1
__Hspace_2               (abs)        000000
__Hspace_4               (abs)        60000E
__Hstack                 stack        000000
__Hstruct                struct       000000
__Htemp                  temp         00005E
__Htext                  text         000000
__Htext0                 text0        000000
__Htext1                 text1        000000
__Htext3                 text3        000000
__Htext4                 text4        000000
__LRAM                   (abs)        000001
__L__absolute__          __absolute__ 000000
__Labs1                  abs1         000000
__Lbank0                 bank0        000000
__Lbank1                 bank1        000000
__Lbigbss                bigbss       000000
__Lbigdata               bigdata      000000
__Lbigram                bigram       000000
__Lbigsfr                bigsfr       000000
__LbitbssCOMRAM          bitbssCOMRAM 000000
__Lbss                   bss          000000
__LbssCOMRAM             bssCOMRAM    000000
__Lcinit                 cinit        000000
__Lclrtext               clrtext      000000
__Lcomram                comram       000000
__Lconfig                config       000000
__Lconst                 const        000000
__LcstackCOMRAM          cstackCOMRAM 000000
__Ldata                  data         000000
__LdataBANK0             dataBANK0    000000
__Leeprom_data           eeprom_data  000000
__Lfarbss                farbss       000000
__Lfardata               fardata      000000
__Lheap                  heap         000000
__Libigdata              ibigdata     000000
__Lidata                 idata        000000
__LidataBANK0            idataBANK0   000000
__Lidloc                 idloc        000000
__Lifardata              ifardata     000000
__Linit                  init         000040
__Lintcode               intcode      000008
__Lintcode_body          intcode_body 000000
__Lintcodelo             intcodelo    000040
__Lintentry              intentry     000000
__Lintret                intret       000000
__Lintsave_regs          intsave_regs 000000
__Lirdata                irdata       000000
__Lmediumconst           mediumconst  000000
__LnvFARRAM              nvFARRAM     000000
__Lnvbit                 nvbit        000000
__Lnvrram                nvrram       000000
__Lparam                 rparam       000000
__Lpowerup               powerup      000040
__Lram                   ram          000000
__Lramtop                ramtop       000200
__Lrbit                  rbit         000000
__Lrbss                  rbss         000000
__Lrdata                 rdata        000000
__Lreset_vec             reset_vec    000000
__Lrparam                rparam       000000
__Lsfr                   sfr          000000
__Lsmallconst            smallconst   000200
__Lspace_0               (abs)        000000
__Lspace_1               (abs)        000000
__Lspace_2               (abs)        000000
__Lspace_4               (abs)        000000
__Lstack                 stack        000000
__Lstruct                struct       000000
__Ltemp                  temp         00005D
__Ltext                  text         000000
__Ltext0                 text0        000000
__Ltext1                 text1        000000
__Ltext3                 text3        000000
__Ltext4                 text4        000000
__S0                     (abs)        000358
__S1                     (abs)        0000AD
__S4                     (abs)        000000
__S5                     (abs)        000000
___heap_hi               (abs)        000000
___heap_lo               (abs)        000000
___inthi_sp              stack        000000
___intlo_sp              stack        000000
___param_bank            (abs)        000000
___rparam_used           (abs)        000001
___sp                    stack        000000
___wmul                  text4        000324
___wmul@multiplicand     cstackCOMRAM 000053
___wmul@multiplier       cstackCOMRAM 000051
___wmul@product          cstackCOMRAM 000055
__accesstop              (abs)        000080
__activetblptr           (abs)        000002
__end_of_RSI_High        intcode      000040
__end_of_RSI_Timer0      text3        0002BA
__end_of___wmul          text4        00034A
__end_of__initialization cinit        0002E8
__end_of_initCPU         text1        000358
__end_of_main            text0        000356
__end_of_zeros           smallconst   000203
__initialization         cinit        0002BA
__mediumconst            mediumconst  000000
__pbitbssCOMRAM          bitbssCOMRAM 0002E0
__pbssCOMRAM             bssCOMRAM    000001
__pcinit                 cinit        0002BA
__pcstackCOMRAM          cstackCOMRAM 000051
__pdataBANK0             dataBANK0    000080
__pidataBANK0            idataBANK0   0002F6
__pintcode               intcode      000008
__psmallconst            smallconst   000200
__ptext0                 text0        00034A
__ptext1                 text1        000356
__ptext3                 text3        000204
__ptext4                 text4        000324
__ramtop                 ramtop       000200
__smallconst             smallconst   000200
_counter                 bssCOMRAM    000041
_direction               bssCOMRAM    00004D
_filas                   bssCOMRAM    000049
_h_Tics                  bssCOMRAM    000043
_initCPU                 text1        000356
_isCentered              bitbssCOMRAM 0002E0
_main                    text0        00034A
_presionada              bssCOMRAM    000048
_s_Timers                bssCOMRAM    000001
_tTecla                  bssCOMRAM    00003F
_teclaActual             bssCOMRAM    00003D
_teclaPresionada         bssCOMRAM    00004B
_teclado                 bssCOMRAM    00004A
_teclas                  dataBANK0    000080
_tick_count              bssCOMRAM    000045
_zeros                   smallconst   000201
btemp                    temp         00005D
end_of_initialization    cinit        0002E8
int$flags                temp         00005D
intlevel0                text         000000
intlevel1                text         000000
intlevel2                text         000000
intlevel3                text         000000
isa$std                  (abs)        000001
isa$xinst                (abs)        000000
motorADCON@state         bssCOMRAM    00004C
motorTeclado@state       bssCOMRAM    000047
stackhi                  (abs)        000000
stacklo                  (abs)        000000
start                    init         000040
start_initialization     cinit        0002BA
ttemp5                   temp         00005E
ttemp6                   temp         000061
ttemp7                   temp         000065
wtemp8                   temp         00005E


MODULE INFORMATION

Module		Function		Class		Link	Load	Size
TITIMER.c
		_RSI_Timer0    		CODE           	0204	0000	182

TITIMER.c estimated size: 182

shared
		__initialization		CODE           	02BA	0000	46
		_zeros         		SMALLCONST     	0201	0000	2

shared estimated size: 48

C:\Program Files\Microchip\xc8\v2.41\pic\sources\c99\common\Umul16.c
		___wmul        		CODE           	0324	0000	38

C:\Program Files\Microchip\xc8\v2.41\pic\sources\c99\common\Umul16.c estimated size: 38

main.c
		_main          		CODE           	034A	0000	12
		_RSI_High      		CODE           	0008	0000	56
		_initCPU       		CODE           	0356	0000	2

main.c estimated size: 70

